
Archiving com.eyesoncampus.eyesoncampus...
Automatically signing iOS for device deployment using specified development team in Xcode project: RV533KKH5H
Running Xcode build...                                          
 └─Compiling, linking and signing...                         3,9s
Xcode archive done.                                         24,6s
✓ Built build/ios/archive/Runner.xcarchive (250.5MB)

[✓] App Settings Validation
    • Version Number: 1.0.0
    • Build Number: 8
    • Display Name: EyesOnCampus
    • Deployment Target: 12.0
    • Bundle Identifier: com.eyesoncampus.eyesoncampus

[!] App Icon and Launch Image Assets Validation
    ! Launch image is set to the default placeholder icon. Replace with unique launch image.

To update the settings, please refer to https://flutter.dev/to/ios-deploy

Building App Store IPA...                                          51,4s
✓ Built IPA to build/ios/ipa (45.0MB)
To upload to the App Store either:
    1. Drag and drop the "build/ios/ipa/*.ipa" bundle into the Apple Transporter macOS app https://apps.apple.com/us/app/transporter/id1450874784
    2. Run "xcrun altool --upload-app --type ios -f build/ios/ipa/*.ipa --apiKey your_api_key --apiIssuer your_issuer_id".
       See "man altool" for details about how to authenticate with the App Store Connect API key.
